---
http_interactions:
- request:
    method: post
    uri: http://127.0.0.1:9515/session
    body:
      encoding: UTF-8
      string: '{"desiredCapabilities":{"browserName":"chrome","version":"","platform":"ANY","javascriptEnabled":true,"cssSelectorsEnabled":true,"takesScreenshot":false,"nativeEvents":false,"rotatable":false,"goog:chromeOptions":{"args":["headless"]}},"capabilities":{"firstMatch":[{"browserName":"chrome","goog:chromeOptions":{"args":["headless"]}}]}}'
    headers:
      Accept:
      - application/json
      Content-Type:
      - application/json; charset=UTF-8
      User-Agent:
      - selenium/3.142.7 (ruby linux)
      Content-Length:
      - '336'
      Accept-Encoding:
      - gzip;q=1.0,deflate;q=0.6,identity;q=0.3
  response:
    status:
      code: 200
      message: OK
    headers:
      Content-Length:
      - '679'
      Content-Type:
      - application/json; charset=utf-8
      Cache-Control:
      - no-cache
    body:
      encoding: UTF-8
      string: '{"value":{"capabilities":{"acceptInsecureCerts":false,"browserName":"chrome","browserVersion":"81.0.4044.92","chrome":{"chromedriverVersion":"81.0.4044.69
        (6813546031a4bc83f717a2ef7cd4ac6ec1199132-refs/branch-heads/4044@{#776})","userDataDir":"/tmp/.com.google.Chrome.sSXFqV"},"goog:chromeOptions":{"debuggerAddress":"localhost:39509"},"networkConnectionEnabled":false,"pageLoadStrategy":"normal","platformName":"linux","proxy":{},"setWindowRect":true,"strictFileInteractability":false,"timeouts":{"implicit":0,"pageLoad":300000,"script":30000},"unhandledPromptBehavior":"dismiss
        and notify","webauthn:virtualAuthenticators":true},"sessionId":"c32fd10b83acdb9f6d998d57c7a386bd"}}'
    http_version: 
  recorded_at: Fri, 10 Apr 2020 01:54:54 GMT
- request:
    method: post
    uri: http://127.0.0.1:9515/session/c32fd10b83acdb9f6d998d57c7a386bd/url
    body:
      encoding: UTF-8
      string: '{"url":"https://jsbin.com/wufoded"}'
    headers:
      Accept:
      - application/json
      Content-Type:
      - application/json; charset=UTF-8
      User-Agent:
      - selenium/3.142.7 (ruby linux)
      Content-Length:
      - '35'
      Accept-Encoding:
      - gzip;q=1.0,deflate;q=0.6,identity;q=0.3
  response:
    status:
      code: 200
      message: OK
    headers:
      Content-Length:
      - '14'
      Content-Type:
      - application/json; charset=utf-8
      Cache-Control:
      - no-cache
    body:
      encoding: UTF-8
      string: '{"value":null}'
    http_version: 
  recorded_at: Fri, 10 Apr 2020 01:54:55 GMT
- request:
    method: post
    uri: http://127.0.0.1:9515/session/c32fd10b83acdb9f6d998d57c7a386bd/element
    body:
      encoding: UTF-8
      string: '{"using":"css selector","value":"#token"}'
    headers:
      Accept:
      - application/json
      Content-Type:
      - application/json; charset=UTF-8
      User-Agent:
      - selenium/3.142.7 (ruby linux)
      Content-Length:
      - '41'
      Accept-Encoding:
      - gzip;q=1.0,deflate;q=0.6,identity;q=0.3
  response:
    status:
      code: 200
      message: OK
    headers:
      Content-Length:
      - '88'
      Content-Type:
      - application/json; charset=utf-8
      Cache-Control:
      - no-cache
    body:
      encoding: UTF-8
      string: '{"value":{"element-6066-11e4-a52e-4f735466cecf":"b30bc18c-a54f-4d0d-8417-9606a23a4206"}}'
    http_version: 
  recorded_at: Fri, 10 Apr 2020 01:54:55 GMT
- request:
    method: get
    uri: http://127.0.0.1:9515/session/c32fd10b83acdb9f6d998d57c7a386bd/element/b30bc18c-a54f-4d0d-8417-9606a23a4206/text
    body:
      encoding: US-ASCII
      string: ''
    headers:
      Accept:
      - application/json
      Content-Type:
      - application/json; charset=UTF-8
      User-Agent:
      - selenium/3.142.7 (ruby linux)
      Cache-Control:
      - no-cache
      Accept-Encoding:
      - gzip;q=1.0,deflate;q=0.6,identity;q=0.3
  response:
    status:
      code: 200
      message: OK
    headers:
      Content-Length:
      - '258'
      Content-Type:
      - application/json; charset=utf-8
      Cache-Control:
      - no-cache
    body:
      encoding: UTF-8
      string: '{"value":"85D6D1AB66EC230E971601C5AB272686D4F3764E1F761C4C27D88D34FAE2A67693F948D9709C031C86EB917DDD2DFA47DD674DC0A90434050F898095A4209D9D939BDFE33080D5DC8BE0D2997DE13864211421E280D2A72FEF90F4D01010D5A619D7B1381E0B9FC0A79E1D54DA989B14E8A8BDE116AEBE2E24801A"}'
    http_version: 
  recorded_at: Fri, 10 Apr 2020 01:54:55 GMT
- request:
    method: post
    uri: http://127.0.0.1:9515/session/c32fd10b83acdb9f6d998d57c7a386bd/element
    body:
      encoding: UTF-8
      string: '{"using":"css selector","value":"#tokenKey"}'
    headers:
      Accept:
      - application/json
      Content-Type:
      - application/json; charset=UTF-8
      User-Agent:
      - selenium/3.142.7 (ruby linux)
      Content-Length:
      - '44'
      Accept-Encoding:
      - gzip;q=1.0,deflate;q=0.6,identity;q=0.3
  response:
    status:
      code: 200
      message: OK
    headers:
      Content-Length:
      - '88'
      Content-Type:
      - application/json; charset=utf-8
      Cache-Control:
      - no-cache
    body:
      encoding: UTF-8
      string: '{"value":{"element-6066-11e4-a52e-4f735466cecf":"91844b6a-3b40-4592-a1d1-cfcc35a93c15"}}'
    http_version: 
  recorded_at: Fri, 10 Apr 2020 01:54:56 GMT
- request:
    method: get
    uri: http://127.0.0.1:9515/session/c32fd10b83acdb9f6d998d57c7a386bd/element/91844b6a-3b40-4592-a1d1-cfcc35a93c15/text
    body:
      encoding: US-ASCII
      string: ''
    headers:
      Accept:
      - application/json
      Content-Type:
      - application/json; charset=UTF-8
      User-Agent:
      - selenium/3.142.7 (ruby linux)
      Cache-Control:
      - no-cache
      Accept-Encoding:
      - gzip;q=1.0,deflate;q=0.6,identity;q=0.3
  response:
    status:
      code: 200
      message: OK
    headers:
      Content-Length:
      - '194'
      Content-Type:
      - application/json; charset=utf-8
      Cache-Control:
      - no-cache
    body:
      encoding: UTF-8
      string: '{"value":"3059301306072A8648CE3D020106082A8648CE3D0301070342000474CF725AE48E83DC13EA853C6C1520C64B386F968F6425172D3D4B47BA0F4C8C142CCC8581F844102B40028B90169A62289277869312F13A5AF46A8427967AC9"}'
    http_version: 
  recorded_at: Fri, 10 Apr 2020 01:54:56 GMT
- request:
    method: delete
    uri: http://127.0.0.1:9515/session/c32fd10b83acdb9f6d998d57c7a386bd
    body:
      encoding: US-ASCII
      string: ''
    headers:
      Accept:
      - application/json
      Content-Type:
      - application/json; charset=UTF-8
      User-Agent:
      - selenium/3.142.7 (ruby linux)
      Accept-Encoding:
      - gzip;q=1.0,deflate;q=0.6,identity;q=0.3
  response:
    status:
      code: 200
      message: OK
    headers:
      Content-Length:
      - '14'
      Content-Type:
      - application/json; charset=utf-8
      Cache-Control:
      - no-cache
    body:
      encoding: UTF-8
      string: '{"value":null}'
    http_version: 
  recorded_at: Fri, 10 Apr 2020 01:54:56 GMT
- request:
    method: get
    uri: http://127.0.0.1:9515/shutdown
    body:
      encoding: US-ASCII
      string: ''
    headers:
      Accept-Encoding:
      - gzip;q=1.0,deflate;q=0.6,identity;q=0.3
      Accept:
      - "*/*"
      User-Agent:
      - Ruby
  response:
    status:
      code: 200
      message: OK
    headers:
      Content-Length:
      - '40'
      Content-Type:
      - application/json; charset=utf-8
    body:
      encoding: UTF-8
      string: '{"sessionId":"","status":0,"value":null}'
    http_version: 
  recorded_at: Fri, 10 Apr 2020 01:54:56 GMT
- request:
    method: post
    uri: https://stbfep.sps-system.com/api/xmlapi.do
    body:
      encoding: UTF-8
      string: <?xml version="1.0" encoding="Shift_JIS"?><sps-api-request id="MG12-00131-101"><merchant_id>30132</merchant_id><service_id>002</service_id><cust_code>fab9543eef53e692f9ae22dd6603bbaf</cust_code><sps_cust_info_return_flg>1</sps_cust_info_return_flg><pay_method_info><resrv1>g2WDWINng4aBW4NVgVs=</resrv1></pay_method_info><pay_option_manage><token>85D6D1AB66EC230E971601C5AB272686D4F3764E1F761C4C27D88D34FAE2A67693F948D9709C031C86EB917DDD2DFA47DD674DC0A90434050F898095A4209D9D939BDFE33080D5DC8BE0D2997DE13864211421E280D2A72FEF90F4D01010D5A619D7B1381E0B9FC0A79E1D54DA989B14E8A8BDE116AEBE2E24801A</token><token_key>3059301306072A8648CE3D020106082A8648CE3D0301070342000474CF725AE48E83DC13EA853C6C1520C64B386F968F6425172D3D4B47BA0F4C8C142CCC8581F844102B40028B90169A62289277869312F13A5AF46A8427967AC9</token_key><cardbrand_return_flg>1</cardbrand_return_flg></pay_option_manage><encrypted_flg>0</encrypted_flg><request_date>20200410105456</request_date><sps_hashcode>3c879acb7e1d503c114df5fb959f28a68b7eebeb</sps_hashcode></sps-api-request>
    headers:
      User-Agent:
      - Faraday v1.0.1
      Content-Type:
      - text/xml
      Authorization:
      - Basic MzAxMzIwMDI6ODQzNWRiZDQ4ZjIyNDk4MDdlYzIxNmMzZDVlY2FiNzE0MjY0Y2M0YQ==
      Accept-Encoding:
      - gzip;q=1.0,deflate;q=0.6,identity;q=0.3
      Accept:
      - "*/*"
  response:
    status:
      code: 200
      message: OK
    headers:
      Date:
      - Fri, 10 Apr 2020 01:54:06 GMT
      Server:
      - Apache
      Set-Cookie:
      - JSESSIONID=305E46FCB3175710F8BE619BFADD2C76.f114; Path=/api
      Pragma:
      - No-cache
      Cache-Control:
      - no-cache,no-store,max-age=0
      Expires:
      - Thu, 01 Jan 1970 00:00:00 GMT
      Content-Length:
      - '751'
      Connection:
      - close
      Content-Type:
      - text/xml;charset=Shift_JIS
      Content-Language:
      - ja
    body:
      encoding: UTF-8
      string: |
        <?xml version='1.0' encoding='Shift_JIS' ?>
          <sps-api-response id="MG12-00131-101">
            <res_result>OK</res_result>
            <res_sps_transaction_id>B30132002MG120013110101052692134</res_sps_transaction_id>
            <res_pay_method_info>
              <tokenized_pan>5250720000189007</tokenized_pan>
              <cc_expiration>201103</cc_expiration>
              <cardbrand_code>M</cardbrand_code>
              <res_payinfo_key>782ae44613960838fdc945b453895b58</res_payinfo_key>
            </res_pay_method_info>
            <res_sps_info>
              <res_sps_cust_no>798289521831</res_sps_cust_no>
              <res_sps_payment_no>001</res_sps_payment_no>
            </res_sps_info>
            <res_process_date>20200410105406</res_process_date>
            <res_err_code/>
            <res_date>20200410105406</res_date>
          </sps-api-response>
    http_version: 
  recorded_at: Fri, 10 Apr 2020 01:54:56 GMT
- request:
    method: post
    uri: https://stbfep.sps-system.com/api/xmlapi.do
    body:
      encoding: UTF-8
      string: <?xml version="1.0" encoding="Shift_JIS"?><sps-api-request id="ST11-00111-101"><merchant_id>30132</merchant_id><service_id>002</service_id><cust_code>Quipper
        Customer ID</cust_code><order_id>995b751f43ed7c838599d1409b960497</order_id><item_id>item_1</item_id><item_name>aXRlbQ==</item_name><amount>1250</amount><sps_cust_info_return_flg>1</sps_cust_info_return_flg><dtls><dtl><dtl_rowno>1</dtl_rowno><dtl_item_id>item_1</dtl_item_id><dtl_item_name>aXRlbSAx</dtl_item_name><dtl_item_count>2</dtl_item_count><dtl_amount>500</dtl_amount></dtl><dtl><dtl_rowno>2</dtl_rowno><dtl_item_id>item_2</dtl_item_id><dtl_item_name>aXRlbSAy</dtl_item_name><dtl_item_count>1</dtl_item_count><dtl_amount>250</dtl_amount></dtl></dtls><pay_method_info><tokenized_pan>5250720000189007</tokenized_pan><cc_expiration>201103</cc_expiration><dealings_type>10</dealings_type></pay_method_info><pay_option_manage><cust_manage_flg>1</cust_manage_flg><cardbrand_return_flg>1</cardbrand_return_flg></pay_option_manage><encrypted_flg>0</encrypted_flg><request_date>20200410105456</request_date><sps_hashcode>47a7022c680ac02683c55e4ab9824886b7943e46</sps_hashcode></sps-api-request>
    headers:
      User-Agent:
      - Faraday v1.0.1
      Content-Type:
      - text/xml
      Authorization:
      - Basic MzAxMzIwMDI6ODQzNWRiZDQ4ZjIyNDk4MDdlYzIxNmMzZDVlY2FiNzE0MjY0Y2M0YQ==
      Accept-Encoding:
      - gzip;q=1.0,deflate;q=0.6,identity;q=0.3
      Accept:
      - "*/*"
  response:
    status:
      code: 200
      message: OK
    headers:
      Date:
      - Fri, 10 Apr 2020 01:54:22 GMT
      Server:
      - Apache
      Set-Cookie:
      - JSESSIONID=CC087EAB68189D7D5CF4E65EF12E9CD0.f114; Path=/api
      Pragma:
      - No-cache
      Cache-Control:
      - no-cache,no-store,max-age=0
      Expires:
      - Thu, 01 Jan 1970 00:00:00 GMT
      Content-Length:
      - '731'
      Connection:
      - close
      Content-Type:
      - text/xml;charset=Shift_JIS
      Content-Language:
      - ja
    body:
      encoding: UTF-8
      string: "<?xml version='1.0' encoding='Shift_JIS' ?>\n  <sps-api-response id=\"ST11-00111-101\">\n
        \   <res_result>OK</res_result>\n    <res_sps_transaction_id>B30132002ST110011110101052692356</res_sps_transaction_id>\n
        \   <res_tracking_id>00000625451486</res_tracking_id>\n    <res_pay_method_info>\n
        \     <cc_company_code>99665</cc_company_code>\n      <cardbrand_code>M</cardbrand_code>\n
        \     <recognized_no>123456</recognized_no>\n      \n    </res_pay_method_info>\n
        \   <res_sps_info>\n      <res_sps_cust_no>849884055716</res_sps_cust_no>\n
        \     <res_sps_payment_no>003</res_sps_payment_no>\n    </res_sps_info>\n
        \   <res_process_date>20200410105423</res_process_date>\n    <res_err_code/>\n
        \   <res_date>20200410105423</res_date>\n  </sps-api-response>\n"
    http_version: 
  recorded_at: Fri, 10 Apr 2020 01:55:13 GMT
recorded_with: VCR 5.1.0
